
> assist-adaptive-edtech@0.1.0 build
> vite build && node scripts/inject-popup-scripts.js

[36mvite v7.1.12 [32mbuilding for production...[36m[39m
transforming...
[32m✓[39m 54 modules transformed.
[31m✗[39m Build failed in 343ms
[31merror during build:
[31msrc/features/cognitiveProfile/cognitiveProfile.js (716:3): Expected ',', got ';'[31m
file: [36mC:/Users/jones/AIprojects/AssisT/src/features/cognitiveProfile/cognitiveProfile.js:716:3[31m
[33m
714:       </div>
715:     </div>
716:   `;
        ^
717: }
[31m
    at getRollupError (file:///C:/Users/jones/AIprojects/AssisT/node_modules/vite/node_modules/rollup/dist/es/shared/parseAst.js:401:41)
    at ParseError.initialise (file:///C:/Users/jones/AIprojects/AssisT/node_modules/vite/node_modules/rollup/dist/es/shared/node-entry.js:14454:28)
    at convertNode (file:///C:/Users/jones/AIprojects/AssisT/node_modules/vite/node_modules/rollup/dist/es/shared/node-entry.js:16337:10)
    at convertProgram (file:///C:/Users/jones/AIprojects/AssisT/node_modules/vite/node_modules/rollup/dist/es/shared/node-entry.js:15577:12)
    at Module.setSource (file:///C:/Users/jones/AIprojects/AssisT/node_modules/vite/node_modules/rollup/dist/es/shared/node-entry.js:17332:24)
    at async ModuleLoader.addModuleSource (file:///C:/Users/jones/AIprojects/AssisT/node_modules/vite/node_modules/rollup/dist/es/shared/node-entry.js:21352:13)[39m
